
> backend@0.0.1 build
> nest build

node.exe : [96msrc/products/admin
-products.controller.ts[0m:[93m2
3[0m:[93m39[0m - 
[91merror[0m[90m TS2554: 
[0mExpected 1 arguments, but got 
0.
At line:1 char:1
+ & "C:\nvm4w\nodejs/node.exe" "C:
\nvm4w\nodejs/node_modules/npm/bin
/np ...
+ ~~~~~~~~~~~~~~~~~~~~~~~~~~~~~~~~
~~~~~~~~~~~~~~~~~~~~~~~~~~~~~~~~~~
~~~
    + CategoryInfo          : Not 
   Specified: ([96msrc/produc..  
  .nts, but got 0.:String) [],    
 RemoteException
    + FullyQualifiedErrorId : Nat 
   iveCommandError
 

[7m23[0m     return await 
this.productsService.findAll();
[7m  [0m [91m                  
                    ~~~~~~~[0m

  [96msrc/products/products.servi
ce.ts[0m:[93m92[0m:[93m17[0m
    [7m 92[0m   async 
findAll(query: {
    [7m   [0m [96m             
   ~~~~~~~~[0m
    [7m 93[0m     category?: 
string;
    [7m   [0m 
[96m~~~~~~~~~~~~~~~~~~~~~~[0m
    [7m...[0m 
    [7m101[0m     userRole?: 
UserRole;
    [7m   [0m 
[96m~~~~~~~~~~~~~~~~~~~~~~~~[0m
    [7m102[0m   }): 
Promise<any[]> {
    [7m   [0m [96m~~~[0m
    An argument for 'query' was 
not provided.
[96msrc/products/admin-products.c
ontroller.ts[0m:[93m38[0m:[93m
39[0m - [91merror[0m[90m 
TS2339: [0mProperty 
'updateStatus' does not exist on 
type 'ProductsService'.

[7m38[0m     return await this.p
roductsService.updateStatus(id, 
'published');
[7m  [0m [91m                  
                    
~~~~~~~~~~~~[0m
[96msrc/products/products.control
ler.ts[0m:[93m28[0m:[93m57[0m
 - [91merror[0m[90m TS2345: 
[0mArgument of type 'string | 
undefined' is not assignable to 
parameter of type '{ category?: 
string | undefined; status?: 
ProductStatus | undefined; 
featured?: boolean | undefined; 
search?: string | undefined; 
sort?: string | undefined; 
minPrice?: number | undefined; 
maxPrice?: number | undefined; 
isAdmin?: boolean | undefined; 
userRole?: UserRole | undefined; 
}'.
  Type 'undefined' is not 
assignable to type '{ category?: 
string | undefined; status?: 
ProductStatus | undefined; 
featured?: boolean | undefined; 
search?: string | undefined; 
sort?: string | undefined; 
minPrice?: number | undefined; 
maxPrice?: number | undefined; 
isAdmin?: boolean | undefined; 
userRole?: UserRole | undefined; 
}'.

[7m28[0m     const products = 
await this.productsService.findAll
(showAll ? undefined : 
'published');
[7m  [0m [91m                  
                                  
    ~~~~~~~~~~~~~~~~~~~~~~~~~~~~~~
~~~[0m
[96msrc/products/products.control
ler.ts[0m:[93m40[0m:[93m48[0m
 - [91merror[0m[90m TS2339: 
[0mProperty 'updateStatus' does 
not exist on type 
'ProductsService'.

[7m40[0m     const product = 
await this.productsService.updateS
tatus(id, 'published');
[7m  [0m [91m                  
                             
~~~~~~~~~~~~[0m
[96mverify_flow.ts[0m:[93m16[0
m:[93m7[0m - 
[91merror[0m[90m TS2561: 
[0mObject literal may only 
specify known properties, but 
'categoryId' does not exist in 
type 
'(Without<ProductCreateInput, 
ProductUncheckedCreateInput> & 
ProductUncheckedCreateInput) | 
(Without<...> & 
ProductCreateInput)'. Did you 
mean to write 'categories'?

[7m16[0m       categoryId: 
'default_cat',
[7m  [0m [91m      
~~~~~~~~~~[0m

  [96mnode_modules/.prisma/client
/index.d.ts[0m:[93m6025[0m:[93
m5[0m
    [7m6025[0m     data: 
XOR<ProductCreateInput, 
ProductUncheckedCreateInput>
    [7m    [0m [96m    ~~~~[0m
    The expected type comes from 
property 'data' which is declared 
here on type '{ select?: 
ProductSelect<DefaultArgs> | null 
| undefined; include?: 
ProductInclude<DefaultArgs> | 
null | undefined; data: 
(Without<...> & 
ProductUncheckedCreateInput) | 
(Without<...> & 
ProductCreateInput); }'

Found 5 error(s).

